// Jest Snapshot v1, https://goo.gl/fbAQLP

exports[`FavoritesContainer should match the snapshot 1`] = `
<section
  className="favs-container"
>
  <div
    className="img-container"
    key="ry8KWgqEQ"
  >
    <img
      alt="dog"
      className="fav-img"
      id={1095}
      src="https://cdn2.thedogapi.com/images/ry8KWgqEQ.jpg"
    />
    <button
      className="remove-btn"
      onClick={[Function]}
    >
      Delete Favorite
    </button>
  </div>
  <div
    className="img-container"
    key="edNIMgpSw"
  >
    <img
      alt="dog"
      className="fav-img"
      id={1098}
      src="https://cdn2.thedogapi.com/images/edNIMgpSw.jpg"
    />
    <button
      className="remove-btn"
      onClick={[Function]}
    >
      Delete Favorite
    </button>
  </div>
</section>
`;
